// Jest Snapshot v1, https://goo.gl/fbAQLP

exports[`HorizontalPokemonCard Component renders correctly 1`] = `
<View
  accessibilityState={
    {
      "busy": undefined,
      "checked": undefined,
      "disabled": undefined,
      "expanded": undefined,
      "selected": undefined,
    }
  }
  accessibilityValue={
    {
      "max": undefined,
      "min": undefined,
      "now": undefined,
      "text": undefined,
    }
  }
  accessible={true}
  collapsable={false}
  focusable={true}
  onClick={[Function]}
  onResponderGrant={[Function]}
  onResponderMove={[Function]}
  onResponderRelease={[Function]}
  onResponderTerminate={[Function]}
  onResponderTerminationRequest={[Function]}
  onStartShouldSetResponder={[Function]}
  style={
    {
      "backgroundColor": "#f2f2f2",
      "borderRadius": 12,
      "elevation": 5,
      "flexDirection": "row",
      "opacity": 1,
      "paddingHorizontal": 16,
      "paddingVertical": 12,
      "shadowColor": "#616161",
      "shadowOffset": {
        "height": 5,
        "width": 0,
      },
      "shadowOpacity": 1,
      "shadowRadius": 5,
      "width": "100%",
    }
  }
>
  <View
    style={
      {
        "borderRadius": 8,
        "height": 70,
        "marginRight": 12,
        "padding": 4,
        "width": 70,
      }
    }
  >
    <Image
      resizeMode="contain"
      source={
        {
          "uri": "https://raw.githubusercontent.com/PokeAPI/sprites/master/sprites/pokemon/258.png",
        }
      }
      style={
        {
          "height": "100%",
          "width": "auto",
        }
      }
    />
  </View>
  <View>
    <Text
      style={
        [
          {
            "color": "#616161",
            "fontSize": 24,
            "textTransform": "capitalize",
          },
          {
            "fontWeight": "bold",
            "marginBottom": 8,
          },
        ]
      }
    >
      mudkip
    </Text>
    <Text
      style={
        {
          "color": "#616161",
          "fontSize": 24,
          "textTransform": "capitalize",
        }
      }
    >
      #0258
    </Text>
  </View>
</View>
`;
